// Jest Snapshot v1, https://goo.gl/fbAQLP

exports[`Modal tests it works 1`] = `[Function]`;
